// Jest Snapshot v1, https://goo.gl/fbAQLP

exports[`The Backend101ScalaStarterUndergroundquizscene2 stack matches the snapshot 1`] = `
{
  "Metadata": {
    "gu:cdk:constructs": [
      "GuVpcParameter",
      "GuSubnetListParameter",
      "GuSubnetListParameter",
      "GuEc2App",
      "GuCertificate",
      "GuInstanceRole",
      "GuSSMRunCommandPolicy",
      "GuDescribeEC2Policy",
      "GuLoggingStreamNameParameter",
      "GuLogShippingPolicy",
      "GuDistributionBucketParameter",
      "GuGetDistributablePolicy",
      "GuParameterStoreReadPolicy",
      "GuAmiParameter",
      "GuHttpsEgressSecurityGroup",
      "GuAutoScalingGroup",
      "GuWazuhAccess",
      "GuApplicationLoadBalancer",
      "GuApplicationTargetGroup",
      "GuHttpsApplicationListener",
      "GuCname",
    ],
    "gu:cdk:version": "TEST",
  },
  "Outputs": {
    "LoadBalancerBackend101scalastarterundergroundquizscene2DnsName": {
      "Description": "DNS entry for LoadBalancerBackend101scalastarterundergroundquizscene2",
      "Value": {
        "Fn::GetAtt": [
          "LoadBalancerBackend101scalastarterundergroundquizscene23CAD9587",
          "DNSName",
        ],
      },
    },
  },
  "Parameters": {
    "AMIBackend101scalastarterundergroundquizscene2": {
      "Description": "Amazon Machine Image ID for the app backend-101-scala-starter-undergroundquizscene-2. Use this in conjunction with AMIgo to keep AMIs up to date.",
      "Type": "AWS::EC2::Image::Id",
    },
    "DistributionBucketName": {
      "Default": "/account/services/artifact.bucket",
      "Description": "SSM parameter containing the S3 bucket name holding distribution artifacts",
      "Type": "AWS::SSM::Parameter::Value<String>",
    },
    "LoggingStreamName": {
      "Default": "/account/services/logging.stream.name",
      "Description": "SSM parameter containing the Name (not ARN) on the kinesis stream",
      "Type": "AWS::SSM::Parameter::Value<String>",
    },
    "VpcId": {
      "Default": "/account/vpc/primary/id",
      "Description": "Virtual Private Cloud to run EC2 instances within. Should NOT be the account default VPC.",
      "Type": "AWS::SSM::Parameter::Value<AWS::EC2::VPC::Id>",
    },
    "backend101scalastarterundergroundquizscene2PrivateSubnets": {
      "Default": "/account/vpc/primary/subnets/private",
      "Description": "A list of private subnets",
      "Type": "AWS::SSM::Parameter::Value<List<AWS::EC2::Subnet::Id>>",
    },
    "backend101scalastarterundergroundquizscene2PublicSubnets": {
      "Default": "/account/vpc/primary/subnets/public",
      "Description": "A list of public subnets",
      "Type": "AWS::SSM::Parameter::Value<List<AWS::EC2::Subnet::Id>>",
    },
  },
  "Resources": {
    "AutoScalingGroupBackend101scalastarterundergroundquizscene2ASG4E00D126": {
      "Properties": {
        "HealthCheckGracePeriod": 120,
        "HealthCheckType": "ELB",
        "LaunchConfigurationName": {
          "Ref": "AutoScalingGroupBackend101scalastarterundergroundquizscene2LaunchConfig99B3FE91",
        },
        "MaxSize": "2",
        "MinSize": "1",
        "Tags": [
          {
            "Key": "App",
            "PropagateAtLaunch": true,
            "Value": "backend-101-scala-starter-undergroundquizscene-2",
          },
          {
            "Key": "gu:cdk:version",
            "PropagateAtLaunch": true,
            "Value": "TEST",
          },
          {
            "Key": "gu:repo",
            "PropagateAtLaunch": true,
            "Value": "guardian/backend-101-scala-starter-undergroundquizscene-2",
          },
          {
            "Key": "LogKinesisStreamName",
            "PropagateAtLaunch": true,
            "Value": {
              "Ref": "LoggingStreamName",
            },
          },
          {
            "Key": "Name",
            "PropagateAtLaunch": true,
            "Value": "Backend101ScalaStarterUndergroundquizscene2/AutoScalingGroupBackend101scalastarterundergroundquizscene2",
          },
          {
            "Key": "Stack",
            "PropagateAtLaunch": true,
            "Value": "playground",
          },
          {
            "Key": "Stage",
            "PropagateAtLaunch": true,
            "Value": "TEST",
          },
        ],
        "TargetGroupARNs": [
          {
            "Ref": "TargetGroupBackend101scalastarterundergroundquizscene23C5729CB",
          },
        ],
        "VPCZoneIdentifier": {
          "Ref": "backend101scalastarterundergroundquizscene2PrivateSubnets",
        },
      },
      "Type": "AWS::AutoScaling::AutoScalingGroup",
    },
    "AutoScalingGroupBackend101scalastarterundergroundquizscene2InstanceProfile23484E50": {
      "Properties": {
        "Roles": [
          {
            "Ref": "InstanceRoleBackend101scalastarterundergroundquizscene24BA12F28",
          },
        ],
      },
      "Type": "AWS::IAM::InstanceProfile",
    },
    "AutoScalingGroupBackend101scalastarterundergroundquizscene2LaunchConfig99B3FE91": {
      "DependsOn": [
        "InstanceRoleBackend101scalastarterundergroundquizscene24BA12F28",
      ],
      "Properties": {
        "IamInstanceProfile": {
          "Ref": "AutoScalingGroupBackend101scalastarterundergroundquizscene2InstanceProfile23484E50",
        },
        "ImageId": {
          "Ref": "AMIBackend101scalastarterundergroundquizscene2",
        },
        "InstanceType": "t4g.small",
        "MetadataOptions": {
          "HttpTokens": "required",
        },
        "SecurityGroups": [
          {
            "Fn::GetAtt": [
              "GuHttpsEgressSecurityGroupBackend101scalastarterundergroundquizscene24F3CC598",
              "GroupId",
            ],
          },
          {
            "Fn::GetAtt": [
              "WazuhSecurityGroup",
              "GroupId",
            ],
          },
        ],
        "UserData": {
          "Fn::Base64": "#!/bin/bash -ev
aws s3 cp s3://developer-playground-dist/playground/TEST/backend-101-scala-starter-undergroundquizscene-2/app.service /etc/systemd/system/backend-101-scala-starter-undergroundquizscene-2.service
aws s3 cp s3://developer-playground-dist/playground/TEST/backend-101-scala-starter-undergroundquizscene-2/hello-world.jar /hello-world.jar
systemctl start backend-101-scala-starter-undergroundquizscene-2
",
        },
      },
      "Type": "AWS::AutoScaling::LaunchConfiguration",
    },
    "CertificateBackend101scalastarterundergroundquizscene2D90BD4D8": {
      "DeletionPolicy": "Retain",
      "Properties": {
        "DomainName": "backend-101-scala-starter-undergroundquizscene-2.gutools.co.uk",
        "Tags": [
          {
            "Key": "App",
            "Value": "backend-101-scala-starter-undergroundquizscene-2",
          },
          {
            "Key": "gu:cdk:version",
            "Value": "TEST",
          },
          {
            "Key": "gu:repo",
            "Value": "guardian/backend-101-scala-starter-undergroundquizscene-2",
          },
          {
            "Key": "Name",
            "Value": "Backend101ScalaStarterUndergroundquizscene2/CertificateBackend101scalastarterundergroundquizscene2",
          },
          {
            "Key": "Stack",
            "Value": "playground",
          },
          {
            "Key": "Stage",
            "Value": "TEST",
          },
        ],
        "ValidationMethod": "DNS",
      },
      "Type": "AWS::CertificateManager::Certificate",
      "UpdateReplacePolicy": "Retain",
    },
    "DescribeEC2PolicyFF5F9295": {
      "Properties": {
        "PolicyDocument": {
          "Statement": [
            {
              "Action": [
                "autoscaling:DescribeAutoScalingInstances",
                "autoscaling:DescribeAutoScalingGroups",
                "ec2:DescribeTags",
                "ec2:DescribeInstances",
              ],
              "Effect": "Allow",
              "Resource": "*",
            },
          ],
          "Version": "2012-10-17",
        },
        "PolicyName": "describe-ec2-policy",
        "Roles": [
          {
            "Ref": "InstanceRoleBackend101scalastarterundergroundquizscene24BA12F28",
          },
        ],
      },
      "Type": "AWS::IAM::Policy",
    },
    "GetDistributablePolicyBackend101scalastarterundergroundquizscene2A54080F3": {
      "Properties": {
        "PolicyDocument": {
          "Statement": [
            {
              "Action": "s3:GetObject",
              "Effect": "Allow",
              "Resource": {
                "Fn::Join": [
                  "",
                  [
                    "arn:aws:s3:::",
                    {
                      "Ref": "DistributionBucketName",
                    },
                    "/playground/TEST/backend-101-scala-starter-undergroundquizscene-2/*",
                  ],
                ],
              },
            },
          ],
          "Version": "2012-10-17",
        },
        "PolicyName": "GetDistributablePolicyBackend101scalastarterundergroundquizscene2A54080F3",
        "Roles": [
          {
            "Ref": "InstanceRoleBackend101scalastarterundergroundquizscene24BA12F28",
          },
        ],
      },
      "Type": "AWS::IAM::Policy",
    },
    "GuHttpsEgressSecurityGroupBackend101scalastarterundergroundquizscene24F3CC598": {
      "Properties": {
        "GroupDescription": "Allow all outbound HTTPS traffic",
        "SecurityGroupEgress": [
          {
            "CidrIp": "0.0.0.0/0",
            "Description": "Allow all outbound HTTPS traffic",
            "FromPort": 443,
            "IpProtocol": "tcp",
            "ToPort": 443,
          },
        ],
        "Tags": [
          {
            "Key": "App",
            "Value": "backend-101-scala-starter-undergroundquizscene-2",
          },
          {
            "Key": "gu:cdk:version",
            "Value": "TEST",
          },
          {
            "Key": "gu:repo",
            "Value": "guardian/backend-101-scala-starter-undergroundquizscene-2",
          },
          {
            "Key": "Stack",
            "Value": "playground",
          },
          {
            "Key": "Stage",
            "Value": "TEST",
          },
        ],
        "VpcId": {
          "Ref": "VpcId",
        },
      },
      "Type": "AWS::EC2::SecurityGroup",
    },
    "GuHttpsEgressSecurityGroupBackend101scalastarterundergroundquizscene2fromBackend101ScalaStarterUndergroundquizscene2LoadBalancerBackend101scalastarterundergroundquizscene2SecurityGroup5750CCD89000E7536D1E": {
      "Properties": {
        "Description": "Load balancer to target",
        "FromPort": 9000,
        "GroupId": {
          "Fn::GetAtt": [
            "GuHttpsEgressSecurityGroupBackend101scalastarterundergroundquizscene24F3CC598",
            "GroupId",
          ],
        },
        "IpProtocol": "tcp",
        "SourceSecurityGroupId": {
          "Fn::GetAtt": [
            "LoadBalancerBackend101scalastarterundergroundquizscene2SecurityGroup54B6E696",
            "GroupId",
          ],
        },
        "ToPort": 9000,
      },
      "Type": "AWS::EC2::SecurityGroupIngress",
    },
    "GuLogShippingPolicy981BFE5A": {
      "Properties": {
        "PolicyDocument": {
          "Statement": [
            {
              "Action": [
                "kinesis:Describe*",
                "kinesis:Put*",
              ],
              "Effect": "Allow",
              "Resource": {
                "Fn::Join": [
                  "",
                  [
                    "arn:aws:kinesis:",
                    {
                      "Ref": "AWS::Region",
                    },
                    ":",
                    {
                      "Ref": "AWS::AccountId",
                    },
                    ":stream/",
                    {
                      "Ref": "LoggingStreamName",
                    },
                  ],
                ],
              },
            },
          ],
          "Version": "2012-10-17",
        },
        "PolicyName": "GuLogShippingPolicy981BFE5A",
        "Roles": [
          {
            "Ref": "InstanceRoleBackend101scalastarterundergroundquizscene24BA12F28",
          },
        ],
      },
      "Type": "AWS::IAM::Policy",
    },
    "InstanceRoleBackend101scalastarterundergroundquizscene24BA12F28": {
      "Properties": {
        "AssumeRolePolicyDocument": {
          "Statement": [
            {
              "Action": "sts:AssumeRole",
              "Effect": "Allow",
              "Principal": {
                "Service": "ec2.amazonaws.com",
              },
            },
          ],
          "Version": "2012-10-17",
        },
        "Path": "/",
        "Tags": [
          {
            "Key": "App",
            "Value": "backend-101-scala-starter-undergroundquizscene-2",
          },
          {
            "Key": "gu:cdk:version",
            "Value": "TEST",
          },
          {
            "Key": "gu:repo",
            "Value": "guardian/backend-101-scala-starter-undergroundquizscene-2",
          },
          {
            "Key": "Stack",
            "Value": "playground",
          },
          {
            "Key": "Stage",
            "Value": "TEST",
          },
        ],
      },
      "Type": "AWS::IAM::Role",
    },
    "ListenerBackend101scalastarterundergroundquizscene238E054C7": {
      "Properties": {
        "Certificates": [
          {
            "CertificateArn": {
              "Ref": "CertificateBackend101scalastarterundergroundquizscene2D90BD4D8",
            },
          },
        ],
        "DefaultActions": [
          {
            "TargetGroupArn": {
              "Ref": "TargetGroupBackend101scalastarterundergroundquizscene23C5729CB",
            },
            "Type": "forward",
          },
        ],
        "LoadBalancerArn": {
          "Ref": "LoadBalancerBackend101scalastarterundergroundquizscene23CAD9587",
        },
        "Port": 443,
        "Protocol": "HTTPS",
      },
      "Type": "AWS::ElasticLoadBalancingV2::Listener",
    },
    "LoadBalancerBackend101scalastarterundergroundquizscene23CAD9587": {
      "Properties": {
        "LoadBalancerAttributes": [
          {
            "Key": "deletion_protection.enabled",
            "Value": "true",
          },
        ],
        "Scheme": "internet-facing",
        "SecurityGroups": [
          {
            "Fn::GetAtt": [
              "LoadBalancerBackend101scalastarterundergroundquizscene2SecurityGroup54B6E696",
              "GroupId",
            ],
          },
        ],
        "Subnets": {
          "Ref": "backend101scalastarterundergroundquizscene2PublicSubnets",
        },
        "Tags": [
          {
            "Key": "App",
            "Value": "backend-101-scala-starter-undergroundquizscene-2",
          },
          {
            "Key": "gu:cdk:version",
            "Value": "TEST",
          },
          {
            "Key": "gu:repo",
            "Value": "guardian/backend-101-scala-starter-undergroundquizscene-2",
          },
          {
            "Key": "Stack",
            "Value": "playground",
          },
          {
            "Key": "Stage",
            "Value": "TEST",
          },
        ],
        "Type": "application",
      },
      "Type": "AWS::ElasticLoadBalancingV2::LoadBalancer",
    },
    "LoadBalancerBackend101scalastarterundergroundquizscene2SecurityGroup54B6E696": {
      "Properties": {
        "GroupDescription": "Automatically created Security Group for ELB Backend101ScalaStarterUndergroundquizscene2LoadBalancerBackend101scalastarterundergroundquizscene2D177DFCC",
        "SecurityGroupIngress": [
          {
            "CidrIp": "0.0.0.0/0",
            "Description": "Allow from anyone on port 443",
            "FromPort": 443,
            "IpProtocol": "tcp",
            "ToPort": 443,
          },
        ],
        "Tags": [
          {
            "Key": "App",
            "Value": "backend-101-scala-starter-undergroundquizscene-2",
          },
          {
            "Key": "gu:cdk:version",
            "Value": "TEST",
          },
          {
            "Key": "gu:repo",
            "Value": "guardian/backend-101-scala-starter-undergroundquizscene-2",
          },
          {
            "Key": "Stack",
            "Value": "playground",
          },
          {
            "Key": "Stage",
            "Value": "TEST",
          },
        ],
        "VpcId": {
          "Ref": "VpcId",
        },
      },
      "Type": "AWS::EC2::SecurityGroup",
    },
    "LoadBalancerBackend101scalastarterundergroundquizscene2SecurityGrouptoBackend101ScalaStarterUndergroundquizscene2GuHttpsEgressSecurityGroupBackend101scalastarterundergroundquizscene205308C779000DB481FE3": {
      "Properties": {
        "Description": "Load balancer to target",
        "DestinationSecurityGroupId": {
          "Fn::GetAtt": [
            "GuHttpsEgressSecurityGroupBackend101scalastarterundergroundquizscene24F3CC598",
            "GroupId",
          ],
        },
        "FromPort": 9000,
        "GroupId": {
          "Fn::GetAtt": [
            "LoadBalancerBackend101scalastarterundergroundquizscene2SecurityGroup54B6E696",
            "GroupId",
          ],
        },
        "IpProtocol": "tcp",
        "ToPort": 9000,
      },
      "Type": "AWS::EC2::SecurityGroupEgress",
    },
    "ParameterStoreReadBackend101scalastarterundergroundquizscene2ADEE0BED": {
      "Properties": {
        "PolicyDocument": {
          "Statement": [
            {
              "Action": "ssm:GetParametersByPath",
              "Effect": "Allow",
              "Resource": {
                "Fn::Join": [
                  "",
                  [
                    "arn:aws:ssm:",
                    {
                      "Ref": "AWS::Region",
                    },
                    ":",
                    {
                      "Ref": "AWS::AccountId",
                    },
                    ":parameter/TEST/playground/backend-101-scala-starter-undergroundquizscene-2",
                  ],
                ],
              },
            },
            {
              "Action": [
                "ssm:GetParameters",
                "ssm:GetParameter",
              ],
              "Effect": "Allow",
              "Resource": {
                "Fn::Join": [
                  "",
                  [
                    "arn:aws:ssm:",
                    {
                      "Ref": "AWS::Region",
                    },
                    ":",
                    {
                      "Ref": "AWS::AccountId",
                    },
                    ":parameter/TEST/playground/backend-101-scala-starter-undergroundquizscene-2/*",
                  ],
                ],
              },
            },
          ],
          "Version": "2012-10-17",
        },
        "PolicyName": "parameter-store-read-policy",
        "Roles": [
          {
            "Ref": "InstanceRoleBackend101scalastarterundergroundquizscene24BA12F28",
          },
        ],
      },
      "Type": "AWS::IAM::Policy",
    },
    "SSMRunCommandPolicy244E1613": {
      "Properties": {
        "PolicyDocument": {
          "Statement": [
            {
              "Action": [
                "ec2messages:AcknowledgeMessage",
                "ec2messages:DeleteMessage",
                "ec2messages:FailMessage",
                "ec2messages:GetEndpoint",
                "ec2messages:GetMessages",
                "ec2messages:SendReply",
                "ssm:UpdateInstanceInformation",
                "ssm:ListInstanceAssociations",
                "ssm:DescribeInstanceProperties",
                "ssm:DescribeDocumentParameters",
                "ssmmessages:CreateControlChannel",
                "ssmmessages:CreateDataChannel",
                "ssmmessages:OpenControlChannel",
                "ssmmessages:OpenDataChannel",
              ],
              "Effect": "Allow",
              "Resource": "*",
            },
          ],
          "Version": "2012-10-17",
        },
        "PolicyName": "ssm-run-command-policy",
        "Roles": [
          {
            "Ref": "InstanceRoleBackend101scalastarterundergroundquizscene24BA12F28",
          },
        ],
      },
      "Type": "AWS::IAM::Policy",
    },
    "TargetGroupBackend101scalastarterundergroundquizscene23C5729CB": {
      "Properties": {
        "HealthCheckIntervalSeconds": 10,
        "HealthCheckPath": "/healthcheck",
        "HealthCheckProtocol": "HTTP",
        "HealthCheckTimeoutSeconds": 5,
        "HealthyThresholdCount": 5,
        "Port": 9000,
        "Protocol": "HTTP",
        "Tags": [
          {
            "Key": "App",
            "Value": "backend-101-scala-starter-undergroundquizscene-2",
          },
          {
            "Key": "gu:cdk:version",
            "Value": "TEST",
          },
          {
            "Key": "gu:repo",
            "Value": "guardian/backend-101-scala-starter-undergroundquizscene-2",
          },
          {
            "Key": "Stack",
            "Value": "playground",
          },
          {
            "Key": "Stage",
            "Value": "TEST",
          },
        ],
        "TargetGroupAttributes": [
          {
            "Key": "deregistration_delay.timeout_seconds",
            "Value": "30",
          },
          {
            "Key": "stickiness.enabled",
            "Value": "false",
          },
        ],
        "TargetType": "instance",
        "UnhealthyThresholdCount": 2,
        "VpcId": {
          "Ref": "VpcId",
        },
      },
      "Type": "AWS::ElasticLoadBalancingV2::TargetGroup",
    },
    "WazuhSecurityGroup": {
      "Properties": {
        "GroupDescription": "Allow outbound traffic from wazuh agent to manager",
        "SecurityGroupEgress": [
          {
            "CidrIp": "0.0.0.0/0",
            "Description": "Wazuh event logging",
            "FromPort": 1514,
            "IpProtocol": "tcp",
            "ToPort": 1514,
          },
          {
            "CidrIp": "0.0.0.0/0",
            "Description": "Wazuh agent registration",
            "FromPort": 1515,
            "IpProtocol": "tcp",
            "ToPort": 1515,
          },
        ],
        "Tags": [
          {
            "Key": "gu:cdk:version",
            "Value": "TEST",
          },
          {
            "Key": "gu:repo",
            "Value": "guardian/backend-101-scala-starter-undergroundquizscene-2",
          },
          {
            "Key": "Stack",
            "Value": "playground",
          },
          {
            "Key": "Stage",
            "Value": "TEST",
          },
        ],
        "VpcId": {
          "Ref": "VpcId",
        },
      },
      "Type": "AWS::EC2::SecurityGroup",
    },
    "dns": {
      "Properties": {
        "Name": "backend-101-scala-starter-undergroundquizscene-2.gutools.co.uk",
        "RecordType": "CNAME",
        "ResourceRecords": [
          {
            "Fn::GetAtt": [
              "LoadBalancerBackend101scalastarterundergroundquizscene23CAD9587",
              "DNSName",
            ],
          },
        ],
        "Stage": "TEST",
        "TTL": 60,
      },
      "Type": "Guardian::DNS::RecordSet",
    },
  },
}
`;
